{
  "test1": "GCC9TQ0JW",
  "test2": "GCDETR2CX"
}
