{
  "konstantin.kalinin": "U02C2K9UR",
  "pavel.vlasov": "U02K307KL",
  "vadim.shilov": "U18LQV66M",
  "evgeny.bondarenko": "U6DGBPPL6",
  "lastUpdate": "2019-05-14T14:46:06.538Z"
}
