{
  "id": {
    "2019": {
      "1": {
        "1": "Ivanov",
        "2": "Ivanov",
        "3": "Ivanov",
        "4": "Ivanov",
        "5": "Ivanov",
        "6": "Ivanov",
        "7": "Ivanov",
        "8": "Ivanov",
        "9": "Petrov",
        "10": "Sidorov",
        "11": "Ivanov",
        "14": "Smith",
        "15": "Redfield",
        "16": "Petrov",
        "17": "Sidorov",
        "18": "Ivanov",
        "21": "Smith",
        "22": "Redfield",
        "23": "Smith",
        "24": "Sidorov",
        "25": "Ivanov",
        "28": "Smith",
        "29": "Redfield",
        "30": "Petrov",
        "31": "Sidorov"
      },
      "2": {
        "1": "Sidorov",
        "4": "Smith",
        "5": "Redfield",
        "6": "Petrov",
        "7": "Ivanov",
        "8": "Sidorov",
        "11": "Smith",
        "12": "Redfield",
        "13": "Petrov",
        "14": "Ivanov",
        "15": "Smith",
        "18": "Sidorov",
        "19": "Redfield",
        "20": "Ivanov",
        "21": "Sidorov",
        "22": "Smith",
        "25": "Petrov",
        "26": "Redfield",
        "27": "Ivanov",
        "28": "Sidorov"
      },
      "3": {
        "1": "Smith",
        "4": "Petrov",
        "5": "Redfield",
        "6": "Petrov",
        "7": "Ivanov",
        "8": "Sidorov",
        "11": "Smith",
        "12": "Redfield",
        "13": "Petrov",
        "14": "Ivanov",
        "15": "Sidorov",
        "18": "Smith",
        "19": "Redfield",
        "20": "Petrov",
        "21": "Ivanov",
        "22": "Sidorov",
        "25": "Smith",
        "26": "Redfield",
        "27": "Petrov",
        "28": "Sidorov",
        "29": "Ivanov"
      },
      "4": {
        "1": "Smith",
        "2": "Redfield",
        "3": "Petrov",
        "4": "Sidorov",
        "5": "Ivanov",
        "8": "Smith",
        "9": "Redfield",
        "10": "Petrov",
        "11": "Ivanov",
        "12": "Sidorov",
        "15": "Smith",
        "16": "Redfield",
        "17": "Petrov",
        "18": "Ivanov",
        "19": "Smith",
        "22": "Redfield",
        "23": "Petrov",
        "24": "Ivanov",
        "25": "Smith",
        "26": "Redfield",
        "29": "Petrov",
        "30": "Ivanov"
      },
      "5": {
        "1": "Ivanov",
        "2": "Ivanov",
        "3": "Ivanov",
        "4": "Ivanov",
        "5": "Ivanov",
        "6": "Redfield",
        "7": "Petrov",
        "8": "Smith",
        "9": "Ivanov",
        "10": "Ivanov",
        "11": "Ivanov",
        "12": "Ivanov",
        "13": "Redfield",
        "14": "Petrov",
        "15": "Smith",
        "16": "Ivanov",
        "17": "Redfield",
        "18": "Ivanov",
        "19": "Ivanov",
        "20": "Petrov",
        "21": "Smith",
        "22": "Ivanov",
        "23": "Redfield",
        "24": "Petrov",
        "25": "Ivanov",
        "26": "Ivanov",
        "27": "Smith",
        "28": "Ivanov",
        "29": "Redfield",
        "30": "Petrov",
        "31": "Smith"
      }
    }
  },
  "lastUpdate": "2019-05-14T11:39:32.124Z"
}
