{
  "id": {
    "Ivanov": "ivan.ivanov",
    "Redfield": "jane.redfield",
    "Smith": "john.smith",
    "Petrov": "petr.petrov",
    "Sidorov": "sidor.sidorov"
  },
  "lastUpdate": "2019-05-14T11:39:32.110Z"
}
